// Jest Snapshot v1, https://goo.gl/fbAQLP

exports[`render renders correctly 1`] = `
<StyledLink
  href="123"
  nameOfProject="family"
  textColor="black"
>
  Visit GitHub
</StyledLink>
`;
