// Jest Snapshot v1, https://goo.gl/fbAQLP

exports[`Social renders correctly 1`] = `
<a
  aria-label="family"
  href="123"
  rel="noopener noreferrer"
  target="_blank"
>
  <StyledSocial>
    <div />
  </StyledSocial>
</a>
`;
